// Vitest Snapshot v1, https://vitest.dev/guide/snapshot.html

exports[`AnchorLink > should render anchor link component > expected html 1`] = `"<a href="#id" data-testid="anchor-link">input test</a>"`;
