// Vitest Snapshot v1, https://vitest.dev/guide/snapshot.html

exports[`Card > should render a card > expected html 1`] = `"<div class="rounded-sm bg-blue-900"><span class="group block overflow-hidden rounded-sm border border-gray-500 bg-white shadow-xs outline-offset-4 aria-disabled:pointer-events-none aria-disabled:bg-gray-200 aria-disabled:opacity-70 aria-disabled:shadow-none"><div class="relative p-8"><div class="flex items-center gap-4"><div class="flex items-center gap-4"><div class="flex size-12 shrink-0 items-center justify-center rounded-full bg-slate-700"><svg aria-hidden="true" focusable="false" data-prefix="fas" data-icon="user-plus" class="svg-inline--fa fa-user-plus size-5 text-white" role="img" xmlns="http://www.w3.org/2000/svg" viewBox="0 0 640 512"><path fill="currentColor" d="M96 128a128 128 0 1 1 256 0A128 128 0 1 1 96 128zM0 482.3C0 383.8 79.8 304 178.3 304l91.4 0C368.2 304 448 383.8 448 482.3c0 16.4-13.3 29.7-29.7 29.7L29.7 512C13.3 512 0 498.7 0 482.3zM504 312l0-64-64 0c-13.3 0-24-10.7-24-24s10.7-24 24-24l64 0 0-64c0-13.3 10.7-24 24-24s24 10.7 24 24l0 64 64 0c13.3 0 24 10.7 24 24s-10.7 24-24 24l-64 0 0 64c0 13.3-10.7 24-24 24s-24-10.7-24-24z"></path></svg></div><div class="space-y-2"><div class="flex items-center gap-2"><h3 class="text-lg font-bold text-slate-700 underline group-hover:text-blue-700 group-focus:text-blue-700">Card Title</h3><svg aria-hidden="true" focusable="false" data-prefix="fas" data-icon="chevron-right" class="svg-inline--fa fa-chevron-right mt-1 text-lg font-bold text-slate-700 underline group-hover:text-blue-700 group-focus:text-blue-700" role="img" xmlns="http://www.w3.org/2000/svg" viewBox="0 0 320 512"><path fill="currentColor" d="M310.6 233.4c12.5 12.5 12.5 32.8 0 45.3l-192 192c-12.5 12.5-32.8 12.5-45.3 0s-12.5-32.8 0-45.3L242.7 256 73.4 86.6c-12.5-12.5-12.5-32.8 0-45.3s32.8-12.5 45.3 0l192 192z"></path></svg></div><div>Test Card</div></div></div></div></div></span></div>"`;

exports[`Card > should render a card with a link > expected html 1`] = `"<div class="rounded-sm select-none bg-blue-900"><a class="group block overflow-hidden rounded-sm border border-gray-500 bg-white shadow-xs outline-offset-4 aria-disabled:pointer-events-none aria-disabled:bg-gray-200 aria-disabled:opacity-70 aria-disabled:shadow-none transition-opacity duration-200 ease-in-out hover:bg-gray-50 hover:shadow-md focus:bg-gray-50 active:opacity-90" href="/fr/public" data-discover="true"><div class="relative p-8"><div class="flex items-center gap-4"><div class="flex items-center gap-4"><div class="flex size-12 shrink-0 items-center justify-center rounded-full bg-slate-700"><svg aria-hidden="true" focusable="false" data-prefix="fas" data-icon="user-plus" class="svg-inline--fa fa-user-plus size-5 text-white" role="img" xmlns="http://www.w3.org/2000/svg" viewBox="0 0 640 512"><path fill="currentColor" d="M96 128a128 128 0 1 1 256 0A128 128 0 1 1 96 128zM0 482.3C0 383.8 79.8 304 178.3 304l91.4 0C368.2 304 448 383.8 448 482.3c0 16.4-13.3 29.7-29.7 29.7L29.7 512C13.3 512 0 498.7 0 482.3zM504 312l0-64-64 0c-13.3 0-24-10.7-24-24s10.7-24 24-24l64 0 0-64c0-13.3 10.7-24 24-24s24 10.7 24 24l0 64 64 0c13.3 0 24 10.7 24 24s-10.7 24-24 24l-64 0 0 64c0 13.3-10.7 24-24 24s-24-10.7-24-24z"></path></svg></div><div class="space-y-2"><div class="flex items-center gap-2"><h3 class="text-lg font-bold text-slate-700 underline group-hover:text-blue-700 group-focus:text-blue-700">Card Title</h3><svg aria-hidden="true" focusable="false" data-prefix="fas" data-icon="chevron-right" class="svg-inline--fa fa-chevron-right mt-1 text-lg font-bold text-slate-700 underline group-hover:text-blue-700 group-focus:text-blue-700" role="img" xmlns="http://www.w3.org/2000/svg" viewBox="0 0 320 512"><path fill="currentColor" d="M310.6 233.4c12.5 12.5 12.5 32.8 0 45.3l-192 192c-12.5 12.5-32.8 12.5-45.3 0s-12.5-32.8 0-45.3L242.7 256 73.4 86.6c-12.5-12.5-12.5-32.8 0-45.3s32.8-12.5 45.3 0l192 192z"></path></svg></div><div>Test Card</div></div></div></div></div></a></div>"`;

exports[`Card > should render a card with a link with an image > expected html 1`] = `"<div class="rounded-sm select-none bg-blue-900"><a class="group block overflow-hidden rounded-sm border border-gray-500 bg-white shadow-xs outline-offset-4 aria-disabled:pointer-events-none aria-disabled:bg-gray-200 aria-disabled:opacity-70 aria-disabled:shadow-none transition-opacity duration-200 ease-in-out hover:bg-gray-50 hover:shadow-md focus:bg-gray-50 active:opacity-90" href="/fr/public" data-discover="true"><img alt="" class="relative aspect-video h-40 w-full object-cover sm:h-48" loading="lazy" draggable="false" src="https://www.canada.ca/content/dam/canada/activities/20250115-1-520x200.jpg"><div class="relative p-8"><span class="absolute top-0 left-0 block bg-cyan-700 px-2 py-1 text-xs text-white">Coming soon</span><div class="flex items-center gap-4"><div class="flex items-center gap-4"><div class="flex size-12 shrink-0 items-center justify-center rounded-full bg-slate-700"><svg aria-hidden="true" focusable="false" data-prefix="fas" data-icon="user-plus" class="svg-inline--fa fa-user-plus size-5 text-white" role="img" xmlns="http://www.w3.org/2000/svg" viewBox="0 0 640 512"><path fill="currentColor" d="M96 128a128 128 0 1 1 256 0A128 128 0 1 1 96 128zM0 482.3C0 383.8 79.8 304 178.3 304l91.4 0C368.2 304 448 383.8 448 482.3c0 16.4-13.3 29.7-29.7 29.7L29.7 512C13.3 512 0 498.7 0 482.3zM504 312l0-64-64 0c-13.3 0-24-10.7-24-24s10.7-24 24-24l64 0 0-64c0-13.3 10.7-24 24-24s24 10.7 24 24l0 64 64 0c13.3 0 24 10.7 24 24s-10.7 24-24 24l-64 0 0 64c0 13.3-10.7 24-24 24s-24-10.7-24-24z"></path></svg></div><div class="space-y-2"><div class="flex items-center gap-2"><h3 class="text-lg font-bold text-slate-700 underline group-hover:text-blue-700 group-focus:text-blue-700">Card Title</h3><svg aria-hidden="true" focusable="false" data-prefix="fas" data-icon="chevron-right" class="svg-inline--fa fa-chevron-right mt-1 text-lg font-bold text-slate-700 underline group-hover:text-blue-700 group-focus:text-blue-700" role="img" xmlns="http://www.w3.org/2000/svg" viewBox="0 0 320 512"><path fill="currentColor" d="M310.6 233.4c12.5 12.5 12.5 32.8 0 45.3l-192 192c-12.5 12.5-32.8 12.5-45.3 0s-12.5-32.8 0-45.3L242.7 256 73.4 86.6c-12.5-12.5-12.5-32.8 0-45.3s32.8-12.5 45.3 0l192 192z"></path></svg></div><div>Test Card</div></div></div></div></div></a></div>"`;

exports[`Card > should render a card with onClick > expected html 1`] = `"<h2>Unexpected Application Error!</h2><h3 style="font-style: italic;">404 Not Found</h3><p>ðŸ’¿ Hey developer ðŸ‘‹</p><p>You can provide a way better UX than this when your app throws errors by providing your own <code style="padding: 2px 4px; background-color: rgba(200, 200, 200, 0.5);">ErrorBoundary</code> or <code style="padding: 2px 4px; background-color: rgba(200, 200, 200, 0.5);">errorElement</code> prop on your route.</p>"`;

exports[`Card > should render a card with onClick with an image > expected html 1`] = `"<div class="rounded-sm select-none bg-blue-900"><a role="button" class="group block overflow-hidden rounded-sm border border-gray-500 bg-white shadow-xs outline-offset-4 aria-disabled:pointer-events-none aria-disabled:bg-gray-200 aria-disabled:opacity-70 aria-disabled:shadow-none transition-opacity duration-200 ease-in-out hover:bg-gray-50 hover:shadow-md focus:bg-gray-50 active:opacity-90" tabindex="0"><img alt="" class="relative aspect-video h-40 w-full object-cover sm:h-48" loading="lazy" draggable="false" src="https://www.canada.ca/content/dam/canada/activities/20250115-1-520x200.jpg"><div class="relative p-8"><span class="absolute top-0 left-0 block bg-cyan-700 px-2 py-1 text-xs text-white">Coming soon</span><div class="flex items-center gap-4"><div class="flex items-center gap-4"><div class="flex size-12 shrink-0 items-center justify-center rounded-full bg-slate-700"><svg aria-hidden="true" focusable="false" data-prefix="fas" data-icon="user-plus" class="svg-inline--fa fa-user-plus size-5 text-white" role="img" xmlns="http://www.w3.org/2000/svg" viewBox="0 0 640 512"><path fill="currentColor" d="M96 128a128 128 0 1 1 256 0A128 128 0 1 1 96 128zM0 482.3C0 383.8 79.8 304 178.3 304l91.4 0C368.2 304 448 383.8 448 482.3c0 16.4-13.3 29.7-29.7 29.7L29.7 512C13.3 512 0 498.7 0 482.3zM504 312l0-64-64 0c-13.3 0-24-10.7-24-24s10.7-24 24-24l64 0 0-64c0-13.3 10.7-24 24-24s24 10.7 24 24l0 64 64 0c13.3 0 24 10.7 24 24s-10.7 24-24 24l-64 0 0 64c0 13.3-10.7 24-24 24s-24-10.7-24-24z"></path></svg></div><div class="space-y-2"><div class="flex items-center gap-2"><h3 class="text-lg font-bold text-slate-700 underline group-hover:text-blue-700 group-focus:text-blue-700">Card Title</h3><svg aria-hidden="true" focusable="false" data-prefix="fas" data-icon="chevron-right" class="svg-inline--fa fa-chevron-right mt-1 text-lg font-bold text-slate-700 underline group-hover:text-blue-700 group-focus:text-blue-700" role="img" xmlns="http://www.w3.org/2000/svg" viewBox="0 0 320 512"><path fill="currentColor" d="M310.6 233.4c12.5 12.5 12.5 32.8 0 45.3l-192 192c-12.5 12.5-32.8 12.5-45.3 0s-12.5-32.8 0-45.3L242.7 256 73.4 86.6c-12.5-12.5-12.5-32.8 0-45.3s32.8-12.5 45.3 0l192 192z"></path></svg></div><div>Test Card</div></div></div></div></div></a></div>"`;

exports[`Card > should render a disabled card > expected html 1`] = `"<div class="rounded-sm bg-white"><span class="group block overflow-hidden rounded-sm border border-gray-500 bg-white shadow-xs outline-offset-4 aria-disabled:pointer-events-none aria-disabled:bg-gray-200 aria-disabled:opacity-70 aria-disabled:shadow-none" aria-disabled="true"><div class="relative p-8"><div class="flex items-center gap-4"><div class="flex items-center gap-4"><div class="flex size-12 shrink-0 items-center justify-center rounded-full bg-slate-700"><svg aria-hidden="true" focusable="false" data-prefix="fas" data-icon="user-plus" class="svg-inline--fa fa-user-plus size-5 text-white" role="img" xmlns="http://www.w3.org/2000/svg" viewBox="0 0 640 512"><path fill="currentColor" d="M96 128a128 128 0 1 1 256 0A128 128 0 1 1 96 128zM0 482.3C0 383.8 79.8 304 178.3 304l91.4 0C368.2 304 448 383.8 448 482.3c0 16.4-13.3 29.7-29.7 29.7L29.7 512C13.3 512 0 498.7 0 482.3zM504 312l0-64-64 0c-13.3 0-24-10.7-24-24s10.7-24 24-24l64 0 0-64c0-13.3 10.7-24 24-24s24 10.7 24 24l0 64 64 0c13.3 0 24 10.7 24 24s-10.7 24-24 24l-64 0 0 64c0 13.3-10.7 24-24 24s-24-10.7-24-24z"></path></svg></div><div class="space-y-2"><div class="flex items-center gap-2"><h3 class="text-lg font-bold text-slate-700 underline group-hover:text-blue-700 group-focus:text-blue-700">Card Title</h3><svg aria-hidden="true" focusable="false" data-prefix="fas" data-icon="chevron-right" class="svg-inline--fa fa-chevron-right mt-1 text-lg font-bold text-slate-700 underline group-hover:text-blue-700 group-focus:text-blue-700" role="img" xmlns="http://www.w3.org/2000/svg" viewBox="0 0 320 512"><path fill="currentColor" d="M310.6 233.4c12.5 12.5 12.5 32.8 0 45.3l-192 192c-12.5 12.5-32.8 12.5-45.3 0s-12.5-32.8 0-45.3L242.7 256 73.4 86.6c-12.5-12.5-12.5-32.8 0-45.3s32.8-12.5 45.3 0l192 192z"></path></svg></div><div>Test Card</div></div></div></div></div></span></div>"`;

exports[`Card > should render a disabled card with a link > expected html 1`] = `"<div class="rounded-sm select-none bg-white"><a role="link" aria-disabled="true" class="group block overflow-hidden rounded-sm border border-gray-500 bg-white shadow-xs outline-offset-4 aria-disabled:pointer-events-none aria-disabled:bg-gray-200 aria-disabled:opacity-70 aria-disabled:shadow-none transition-opacity duration-200 ease-in-out hover:bg-gray-50 hover:shadow-md focus:bg-gray-50 active:opacity-90"><img alt="" class="relative aspect-video h-40 w-full object-cover sm:h-48" loading="lazy" draggable="false" src="https://www.canada.ca/content/dam/canada/activities/20250115-1-520x200.jpg"><div class="relative p-8"><span class="absolute top-0 left-0 block bg-cyan-700 px-2 py-1 text-xs text-white">Coming soon</span><div class="flex items-center gap-4"><div class="flex items-center gap-4"><div class="flex size-12 shrink-0 items-center justify-center rounded-full bg-slate-700"><svg aria-hidden="true" focusable="false" data-prefix="fas" data-icon="user-plus" class="svg-inline--fa fa-user-plus size-5 text-white" role="img" xmlns="http://www.w3.org/2000/svg" viewBox="0 0 640 512"><path fill="currentColor" d="M96 128a128 128 0 1 1 256 0A128 128 0 1 1 96 128zM0 482.3C0 383.8 79.8 304 178.3 304l91.4 0C368.2 304 448 383.8 448 482.3c0 16.4-13.3 29.7-29.7 29.7L29.7 512C13.3 512 0 498.7 0 482.3zM504 312l0-64-64 0c-13.3 0-24-10.7-24-24s10.7-24 24-24l64 0 0-64c0-13.3 10.7-24 24-24s24 10.7 24 24l0 64 64 0c13.3 0 24 10.7 24 24s-10.7 24-24 24l-64 0 0 64c0 13.3-10.7 24-24 24s-24-10.7-24-24z"></path></svg></div><div class="space-y-2"><div class="flex items-center gap-2"><h3 class="text-lg font-bold text-slate-700 underline group-hover:text-blue-700 group-focus:text-blue-700">Card Title</h3><svg aria-hidden="true" focusable="false" data-prefix="fas" data-icon="chevron-right" class="svg-inline--fa fa-chevron-right mt-1 text-lg font-bold text-slate-700 underline group-hover:text-blue-700 group-focus:text-blue-700" role="img" xmlns="http://www.w3.org/2000/svg" viewBox="0 0 320 512"><path fill="currentColor" d="M310.6 233.4c12.5 12.5 12.5 32.8 0 45.3l-192 192c-12.5 12.5-32.8 12.5-45.3 0s-12.5-32.8 0-45.3L242.7 256 73.4 86.6c-12.5-12.5-12.5-32.8 0-45.3s32.8-12.5 45.3 0l192 192z"></path></svg></div><div>Test Card</div></div></div></div></div></a></div>"`;

exports[`Card > should render a disabled card with onClick > expected html 1`] = `"<div class="rounded-sm select-none bg-white"><a role="button" class="group block overflow-hidden rounded-sm border border-gray-500 bg-white shadow-xs outline-offset-4 aria-disabled:pointer-events-none aria-disabled:bg-gray-200 aria-disabled:opacity-70 aria-disabled:shadow-none transition-opacity duration-200 ease-in-out hover:bg-gray-50 hover:shadow-md focus:bg-gray-50 active:opacity-90" aria-disabled="true" tabindex="0"><img alt="" class="relative aspect-video h-40 w-full object-cover sm:h-48" loading="lazy" draggable="false" src="https://www.canada.ca/content/dam/canada/activities/20250115-1-520x200.jpg"><div class="relative p-8"><span class="absolute top-0 left-0 block bg-cyan-700 px-2 py-1 text-xs text-white">Coming soon</span><div class="flex items-center gap-4"><div class="flex items-center gap-4"><div class="flex size-12 shrink-0 items-center justify-center rounded-full bg-slate-700"><svg aria-hidden="true" focusable="false" data-prefix="fas" data-icon="user-plus" class="svg-inline--fa fa-user-plus size-5 text-white" role="img" xmlns="http://www.w3.org/2000/svg" viewBox="0 0 640 512"><path fill="currentColor" d="M96 128a128 128 0 1 1 256 0A128 128 0 1 1 96 128zM0 482.3C0 383.8 79.8 304 178.3 304l91.4 0C368.2 304 448 383.8 448 482.3c0 16.4-13.3 29.7-29.7 29.7L29.7 512C13.3 512 0 498.7 0 482.3zM504 312l0-64-64 0c-13.3 0-24-10.7-24-24s10.7-24 24-24l64 0 0-64c0-13.3 10.7-24 24-24s24 10.7 24 24l0 64 64 0c13.3 0 24 10.7 24 24s-10.7 24-24 24l-64 0 0 64c0 13.3-10.7 24-24 24s-24-10.7-24-24z"></path></svg></div><div class="space-y-2"><div class="flex items-center gap-2"><h3 class="text-lg font-bold text-slate-700 underline group-hover:text-blue-700 group-focus:text-blue-700">Card Title</h3><svg aria-hidden="true" focusable="false" data-prefix="fas" data-icon="chevron-right" class="svg-inline--fa fa-chevron-right mt-1 text-lg font-bold text-slate-700 underline group-hover:text-blue-700 group-focus:text-blue-700" role="img" xmlns="http://www.w3.org/2000/svg" viewBox="0 0 320 512"><path fill="currentColor" d="M310.6 233.4c12.5 12.5 12.5 32.8 0 45.3l-192 192c-12.5 12.5-32.8 12.5-45.3 0s-12.5-32.8 0-45.3L242.7 256 73.4 86.6c-12.5-12.5-12.5-32.8 0-45.3s32.8-12.5 45.3 0l192 192z"></path></svg></div><div>Test Card</div></div></div></div></div></a></div>"`;
