// Vitest Snapshot v1, https://vitest.dev/guide/snapshot.html

exports[`DropdownMenu > should render all DropdownMenu components > expected html 1`] = `"<button type="button" id="radix-:r0:" aria-haspopup="menu" aria-expanded="false" data-state="closed">Open</button>"`;
