// Vitest Snapshot v1, https://vitest.dev/guide/snapshot.html

exports[`InputRadio > disables radio button when disabled prop is provided > expected html 1`] = `"<div><div class="flex items-center"><input id="input-radio-test-radio" aria-labelledby="input-radio-test-radio-label" class="h-4 w-4 border-gray-500 bg-gray-50 text-blue-600 focus:outline-hidden focus:ring-2 focus:ring-blue-500 pointer-events-none cursor-not-allowed opacity-70" data-testid="input-radio" disabled="" type="radio" name="test-radio"><label id="input-radio-test-radio-label" for="input-radio-test-radio" class="block pl-3 leading-6 pointer-events-none cursor-not-allowed opacity-70">Radio Label</label></div></div>"`;

exports[`InputRadio > renders radio button with label and appends content > expected html 1`] = `"<div><div class="flex items-center"><input id="input-radio-test-radio" aria-labelledby="input-radio-test-radio-label" class="h-4 w-4 border-gray-500 bg-gray-50 text-blue-600 focus:outline-hidden focus:ring-2 focus:ring-blue-500" data-testid="input-radio" type="radio" name="test-radio"><label id="input-radio-test-radio-label" for="input-radio-test-radio" class="block pl-3 leading-6">Radio Label</label></div><div class="mt-4 ml-7"><div data-testid="append-content">Appended Content</div></div></div>"`;
