// Vitest Snapshot v1, https://vitest.dev/guide/snapshot.html

exports[`InputRadios > displays error message > expected html 1`] = `"<fieldset id="input-radios-it" data-testid="input-radios-it"><legend class="block font-semibold mb-2" data-testid="input-legend" id="input-radios-it-legend"><span>Test Legend</span></legend><p class="mb-2"><span class="inline-block max-w-prose border-l-2 border-red-600 bg-red-50 px-3 py-1" data-testid="input-error-test-id" role="alert" id="input-radios-it-error">Test Error Message</span></p><ul class="space-y-2"><li><div><div class="flex items-center"><input id="input-radio-it-option-0" aria-labelledby="input-radio-it-option-0-label" class="h-4 w-4 bg-gray-50 focus:outline-hidden focus:ring-2 border-red-500 text-red-700 focus:border-red-500 focus:ring-red-500" data-testid="input-radio" aria-errormessage="input-radios-it-error" aria-invalid="true" type="radio" value="option1" name="it"><label id="input-radio-it-option-0-label" for="input-radio-it-option-0" class="block pl-3 leading-6">Option 1</label></div></div></li><li><div><div class="flex items-center"><input id="input-radio-it-option-1" aria-labelledby="input-radio-it-option-1-label" class="h-4 w-4 bg-gray-50 focus:outline-hidden focus:ring-2 border-red-500 text-red-700 focus:border-red-500 focus:ring-red-500" data-testid="input-radio" aria-errormessage="input-radios-it-error" aria-invalid="true" type="radio" value="option2" name="it"><label id="input-radio-it-option-1-label" for="input-radio-it-option-1" class="block pl-3 leading-6">Option 2</label></div></div></li></ul></fieldset>"`;

exports[`InputRadios > displays helpMessagePrimary > expected html 1`] = `"<fieldset id="input-radios-it" data-testid="input-radios-it"><legend class="block font-semibold mb-2" data-testid="input-legend" id="input-radios-it-legend"><span>Test Legend</span></legend><span class="block max-w-prose text-gray-500 mb-2" data-testid="input-field-help-primary-it" id="input-radios-it-help-primary">Primary help message</span><ul class="space-y-2"><li><div><div class="flex items-center"><input id="input-radio-it-option-0" aria-labelledby="input-radio-it-option-0-label" class="h-4 w-4 border-gray-500 bg-gray-50 text-blue-600 focus:outline-hidden focus:ring-2 focus:ring-blue-500" data-testid="input-radio" aria-describedby="input-radios-it-help-primary" aria-invalid="false" type="radio" value="option1" name="it"><label id="input-radio-it-option-0-label" for="input-radio-it-option-0" class="block pl-3 leading-6">Option 1</label></div></div></li><li><div><div class="flex items-center"><input id="input-radio-it-option-1" aria-labelledby="input-radio-it-option-1-label" class="h-4 w-4 border-gray-500 bg-gray-50 text-blue-600 focus:outline-hidden focus:ring-2 focus:ring-blue-500" data-testid="input-radio" aria-describedby="input-radios-it-help-primary" aria-invalid="false" type="radio" value="option2" name="it"><label id="input-radio-it-option-1-label" for="input-radio-it-option-1" class="block pl-3 leading-6">Option 2</label></div></div></li></ul></fieldset>"`;

exports[`InputRadios > displays helpMessageSecondary > expected html 1`] = `"<fieldset id="input-radios-it" data-testid="input-radios-it"><legend class="block font-semibold mb-2" data-testid="input-legend" id="input-radios-it-legend"><span>Test Legend</span></legend><ul class="space-y-2"><li><div><div class="flex items-center"><input id="input-radio-it-option-0" aria-labelledby="input-radio-it-option-0-label" class="h-4 w-4 border-gray-500 bg-gray-50 text-blue-600 focus:outline-hidden focus:ring-2 focus:ring-blue-500" data-testid="input-radio" aria-describedby="input-radios-it-help-secondary" aria-invalid="false" type="radio" value="option1" name="it"><label id="input-radio-it-option-0-label" for="input-radio-it-option-0" class="block pl-3 leading-6">Option 1</label></div></div></li><li><div><div class="flex items-center"><input id="input-radio-it-option-1" aria-labelledby="input-radio-it-option-1-label" class="h-4 w-4 border-gray-500 bg-gray-50 text-blue-600 focus:outline-hidden focus:ring-2 focus:ring-blue-500" data-testid="input-radio" aria-describedby="input-radios-it-help-secondary" aria-invalid="false" type="radio" value="option2" name="it"><label id="input-radio-it-option-1-label" for="input-radio-it-option-1" class="block pl-3 leading-6">Option 2</label></div></div></li></ul><span class="block max-w-prose text-gray-500 mt-2" data-testid="input-field-help-secondary-it" id="input-radios-it-help-secondary">Secondary help message</span></fieldset>"`;

exports[`InputRadios > renders component with legend and options > expected html 1`] = `"<fieldset id="input-radios-it" data-testid="input-radios-it"><legend class="block font-semibold mb-2" data-testid="input-legend" id="input-radios-it-legend"><span>Test Legend</span></legend><ul class="space-y-2"><li><div><div class="flex items-center"><input id="input-radio-it-option-0" aria-labelledby="input-radio-it-option-0-label" class="h-4 w-4 border-gray-500 bg-gray-50 text-blue-600 focus:outline-hidden focus:ring-2 focus:ring-blue-500" data-testid="input-radio" aria-invalid="false" type="radio" value="option1" name="it"><label id="input-radio-it-option-0-label" for="input-radio-it-option-0" class="block pl-3 leading-6">Option 1</label></div></div></li><li><div><div class="flex items-center"><input id="input-radio-it-option-1" aria-labelledby="input-radio-it-option-1-label" class="h-4 w-4 border-gray-500 bg-gray-50 text-blue-600 focus:outline-hidden focus:ring-2 focus:ring-blue-500" data-testid="input-radio" aria-invalid="false" type="radio" value="option2" name="it"><label id="input-radio-it-option-1-label" for="input-radio-it-option-1" class="block pl-3 leading-6">Option 2</label></div></div></li></ul></fieldset>"`;
