// Vitest Snapshot v1, https://vitest.dev/guide/snapshot.html

exports[`LoadingButton > renders the children correctly > expected html 1`] = `"<button class="font-lato inline-flex items-center justify-center rounded-sm border align-middle no-underline outline-offset-4 px-5 py-2.5 text-sm border-gray-300 bg-gray-200 text-slate-700 hover:bg-neutral-300 focus:bg-neutral-300"><span>Test Button</span></button>"`;

exports[`LoadingButton > renders the custom loading icon > expected html 1`] = `"<button class="font-lato inline-flex items-center justify-center rounded-sm border align-middle no-underline outline-offset-4 px-5 py-2.5 text-sm border-gray-300 bg-gray-200 text-slate-700 hover:bg-neutral-300 focus:bg-neutral-300 disabled:pointer-events-none disabled:cursor-not-allowed disabled:opacity-70"><span>Test Button</span><svg aria-hidden="true" focusable="false" data-prefix="fas" data-icon="check" class="svg-inline--fa fa-check fa-spin fa-fw ms-2" role="img" xmlns="http://www.w3.org/2000/svg" viewBox="0 0 448 512"><path fill="currentColor" d="M438.6 105.4c12.5 12.5 12.5 32.8 0 45.3l-256 256c-12.5 12.5-32.8 12.5-45.3 0l-128-128c-12.5-12.5-12.5-32.8 0-45.3s32.8-12.5 45.3 0L160 338.7 393.4 105.4c12.5-12.5 32.8-12.5 45.3 0z"></path></svg></button>"`;

exports[`LoadingButton > renders the loading spinner at the end position > expected html 1`] = `"<button class="font-lato inline-flex items-center justify-center rounded-sm border align-middle no-underline outline-offset-4 px-5 py-2.5 text-sm border-gray-300 bg-gray-200 text-slate-700 hover:bg-neutral-300 focus:bg-neutral-300 disabled:pointer-events-none disabled:cursor-not-allowed disabled:opacity-70"><span>Test Button</span><svg aria-hidden="true" focusable="false" data-prefix="fas" data-icon="spinner" class="svg-inline--fa fa-spinner fa-spin fa-fw ms-2 animate-spin" role="img" xmlns="http://www.w3.org/2000/svg" viewBox="0 0 512 512"><path fill="currentColor" d="M304 48a48 48 0 1 0 -96 0 48 48 0 1 0 96 0zm0 416a48 48 0 1 0 -96 0 48 48 0 1 0 96 0zM48 304a48 48 0 1 0 0-96 48 48 0 1 0 0 96zm464-48a48 48 0 1 0 -96 0 48 48 0 1 0 96 0zM142.9 437A48 48 0 1 0 75 369.1 48 48 0 1 0 142.9 437zm0-294.2A48 48 0 1 0 75 75a48 48 0 1 0 67.9 67.9zM369.1 437A48 48 0 1 0 437 369.1 48 48 0 1 0 369.1 437z"></path></svg></button>"`;

exports[`LoadingButton > renders the loading spinner at the start position > expected html 1`] = `"<button class="font-lato inline-flex items-center justify-center rounded-sm border align-middle no-underline outline-offset-4 px-5 py-2.5 text-sm border-gray-300 bg-gray-200 text-slate-700 hover:bg-neutral-300 focus:bg-neutral-300 disabled:pointer-events-none disabled:cursor-not-allowed disabled:opacity-70"><svg aria-hidden="true" focusable="false" data-prefix="fas" data-icon="spinner" class="svg-inline--fa fa-spinner fa-spin fa-fw me-2 animate-spin" role="img" xmlns="http://www.w3.org/2000/svg" viewBox="0 0 512 512"><path fill="currentColor" d="M304 48a48 48 0 1 0 -96 0 48 48 0 1 0 96 0zm0 416a48 48 0 1 0 -96 0 48 48 0 1 0 96 0zM48 304a48 48 0 1 0 0-96 48 48 0 1 0 0 96zm464-48a48 48 0 1 0 -96 0 48 48 0 1 0 96 0zM142.9 437A48 48 0 1 0 75 369.1 48 48 0 1 0 142.9 437zm0-294.2A48 48 0 1 0 75 75a48 48 0 1 0 67.9 67.9zM369.1 437A48 48 0 1 0 437 369.1 48 48 0 1 0 369.1 437z"></path></svg><span>Test Button</span></button>"`;
