// Vitest Snapshot v1, https://vitest.dev/guide/snapshot.html

exports[`UnilingualErrorBoundary > should render the unilingual error boundary > expected html 1`] = `"<html lang="en"><head><meta charset="utf-8"><meta name="viewport" content="width=device-width, initial-scale=1"><link rel="modulepreload" href="build/stub-path-to-module.js"></head><body><header class="border-b-[3px] border-slate-700 print:hidden"><div id="wb-bnr"><div class="container flex items-center justify-between gap-6 py-2.5 sm:py-3.5"><a href="https://canada.ca/"><img class="h-8 w-auto" alt="gcweb:header.govt-of-canada.text" width="300" height="28" decoding="async" src="https://www.canada.ca/etc/designs/canada/wet-boew/assets/sig-blk-en.svg"></a></div></div></header><main class="container"><h1 id="wb-cont" tabindex="-1" class="font-lato text-3xl font-bold focus-visible:ring-3 my-8"><span>gcweb:server-error.page-title</span><small class="block text-2xl font-normal text-neutral-500">{"key":"gcweb:server-error.page-subtitle","options":{"statusCode":500}}</small></h1><p class="mb-8 text-lg text-gray-500">gcweb:server-error.page-message</p></main><footer id="wb-info" tabindex="-1" class="mt-8 bg-stone-50 print:hidden"><div class="container flex items-center justify-end gap-6 py-2.5 sm:py-3.5"><div><h2 class="sr-only">gcweb:footer.about-site</h2><div><img alt="gcweb:footer.gc-symbol" width="300" height="71" class="h-10 w-auto" src="https://www.canada.ca/etc/designs/canada/wet-boew/assets/wmms-blk.svg"></div></div></div></footer><link rel="modulepreload"><script> </script><script type="module" async=""> </script><script src="/api/client-env?v=undefined"></script></body></html>"`;
