// Vitest Snapshot v1, https://vitest.dev/guide/snapshot.html

exports[`UserButton > should correctly render a UserButton with a MenuItem when the file property is provided > expected html 1`] = `"<div class="relative inline-block text-right"><button title="gcweb:app.profile" aria-label="gcweb:app.profile" type="button" class="w-12 h-12 text-white rounded-full flex items-center justify-center focus:outline-none focus:ring-2 focus:ring-slate-300 bg-slate-700 hover:bg-slate-600" aria-haspopup="true" aria-expanded="false"><svg xmlns="http://www.w3.org/2000/svg" viewBox="0 0 24 24" fill="currentColor" class="size-12"><path fill-rule="evenodd" d="M18.685 19.097A9.723 9.723 0 0 0 21.75 12c0-5.385-4.365-9.75-9.75-9.75S2.25 6.615 2.25 12a9.723 9.723 0 0 0 3.065 7.097A9.716 9.716 0 0 0 12 21.75a9.716 9.716 0 0 0 6.685-2.653Zm-12.54-1.285A7.486 7.486 0 0 1 12 15a7.486 7.486 0 0 1 5.855 2.812A8.224 8.224 0 0 1 12 20.25a8.224 8.224 0 0 1-5.855-2.438ZM15.75 9a3.75 3.75 0 1 1-7.5 0 3.75 3.75 0 0 1 7.5 0Z" clip-rule="evenodd"></path></svg></button></div>"`;

exports[`UserButton > should correctly render a UserButton with a MenuItem when the to property is provided > expected html 1`] = `"<div class="relative inline-block text-right"><button title="gcweb:app.profile" aria-label="gcweb:app.profile" type="button" class="w-12 h-12 text-white rounded-full flex items-center justify-center focus:outline-none focus:ring-2 focus:ring-slate-300 bg-slate-700 hover:bg-slate-600" aria-haspopup="true" aria-expanded="false"><svg xmlns="http://www.w3.org/2000/svg" viewBox="0 0 24 24" fill="currentColor" class="size-12"><path fill-rule="evenodd" d="M18.685 19.097A9.723 9.723 0 0 0 21.75 12c0-5.385-4.365-9.75-9.75-9.75S2.25 6.615 2.25 12a9.723 9.723 0 0 0 3.065 7.097A9.716 9.716 0 0 0 12 21.75a9.716 9.716 0 0 0 6.685-2.653Zm-12.54-1.285A7.486 7.486 0 0 1 12 15a7.486 7.486 0 0 1 5.855 2.812A8.224 8.224 0 0 1 12 20.25a8.224 8.224 0 0 1-5.855-2.438ZM15.75 9a3.75 3.75 0 1 1-7.5 0 3.75 3.75 0 0 1 7.5 0Z" clip-rule="evenodd"></path></svg></button></div>"`;

exports[`UserButton > should correctly render a UserButton with no MenuItems provided > expected html 1`] = `"<div class="relative inline-block text-right"><button title="gcweb:app.profile" aria-label="gcweb:app.profile" type="button" class="w-12 h-12 text-white rounded-full flex items-center justify-center focus:outline-none focus:ring-2 focus:ring-slate-300 bg-slate-700 hover:bg-slate-600" aria-haspopup="true" aria-expanded="false"><svg xmlns="http://www.w3.org/2000/svg" viewBox="0 0 24 24" fill="currentColor" class="size-12"><path fill-rule="evenodd" d="M18.685 19.097A9.723 9.723 0 0 0 21.75 12c0-5.385-4.365-9.75-9.75-9.75S2.25 6.615 2.25 12a9.723 9.723 0 0 0 3.065 7.097A9.716 9.716 0 0 0 12 21.75a9.716 9.716 0 0 0 6.685-2.653Zm-12.54-1.285A7.486 7.486 0 0 1 12 15a7.486 7.486 0 0 1 5.855 2.812A8.224 8.224 0 0 1 12 20.25a8.224 8.224 0 0 1-5.855-2.438ZM15.75 9a3.75 3.75 0 1 1-7.5 0 3.75 3.75 0 0 1 7.5 0Z" clip-rule="evenodd"></path></svg></button></div>"`;
