// Vitest Snapshot v1, https://vitest.dev/guide/snapshot.html

exports[`UnilingualErrorBoundary > should render the unilingual error boundary > expected html 1`] = `"<html lang="en"><head><meta charset="utf-8"><meta name="viewport" content="width=device-width, initial-scale=1"></head><body vocab="http://schema.org/" typeof="WebPage"><header class="border-b-[3px] border-slate-700 print:hidden"><div id="wb-bnr"><div class="container flex items-center justify-between gap-6 py-2.5 sm:py-3.5"><div property="publisher" typeof="GovernmentOrganization"><a property="url" href="https://canada.ca/"><img class="h-8 w-auto" src="https://www.canada.ca/etc/designs/canada/wet-boew/assets/sig-blk-en.svg" alt="gcweb:header.govt-of-canada.text" property="logo" width="300" height="28" decoding="async"></a><meta property="name" content="gcweb:header.govt-of-canada.text"><meta property="areaServed" typeof="Country" content="Canada"><link property="logo" href="https://www.canada.ca/etc/designs/canada/wet-boew/assets/wmms-blk.svg"></div></div></div></header><main class="container" property="mainContentOfPage" resource="#wb-main" typeof="WebPageElement"><h1 id="wb-cont" tabindex="-1" class="font-lato text-3xl font-bold focus-visible:ring my-8" property="name"><span>gcweb:server-error.page-title</span><small class="block text-2xl font-normal text-neutral-500">gcweb:server-error.page-subtitle</small></h1><p class="mb-8 text-lg text-gray-500">gcweb:server-error.page-message</p></main><footer id="wb-info" tabindex="-1" class="mt-8 bg-stone-50 print:hidden"><div class="container flex items-center justify-end gap-6 py-2.5 sm:py-3.5"><div><h2 class="sr-only">gcweb:footer.about-site</h2><div><img src="https://www.canada.ca/etc/designs/canada/wet-boew/assets/wmms-blk.svg" alt="gcweb:footer.gc-symbol" width="300" height="71" class="h-10 w-auto"></div></div></div></footer><link rel="modulepreload" href=""><link rel="modulepreload" href="build/stub-path-to-module.js"><script> </script><script type="module" async=""> </script><script>window.__appEnvironment = undefined</script></body></html>"`;
